---
version: 1
interactions:
- request:
    body: Hello world
    form: {}
    headers:
      Content-Length:
      - "11"
      Content-Md5:
      - PiWWCnnbxptnTNTsZ6csYg==
      Content-Type:
      - text/plain; charset=utf-8
      User-Agent:
      - aws-sdk-go/1.13.20 (devel +b8669ef1ce; linux; amd64) S3Manager
      X-Amz-Content-Sha256:
      - 64ec88ca00b268e5ba1a35678a1b5316d212f4f366b2477232534a8aeca37f3c
      X-Amz-Date:
      - 20180817T180643Z
    url: https://go-cloud-bucket.s3.us-east-2.amazonaws.com/blob-for-deleting
    method: PUT
  response:
    body: ""
    headers:
      Content-Length:
      - "0"
      Date:
      - Fri, 17 Aug 2018 18:06:44 GMT
      Etag:
      - '"3e25960a79dbc69b674cd4ec67a72c62"'
      Server:
      - AmazonS3
      X-Amz-Id-2:
      - sk+I1GzjPf5Cts5R8i/6hL8QQaLEIOAQdHZb5UX91OmtG8AY87orLjK2N/C4KeGiQ3JYYoONWUo=
      X-Amz-Request-Id:
      - E242C2ADC7A739C7
    status: 200 OK
    code: 200
    duration: ""
- request:
    body: ""
    form: {}
    headers:
      User-Agent:
      - aws-sdk-go/1.13.20 (devel +b8669ef1ce; linux; amd64)
      X-Amz-Content-Sha256:
      - e3b0c44298fc1c149afbf4c8996fb92427ae41e4649b934ca495991b7852b855
      X-Amz-Date:
      - 20180817T180643Z
    url: https://go-cloud-bucket.s3.us-east-2.amazonaws.com/blob-for-deleting
    method: HEAD
  response:
    body: ""
    headers:
      Accept-Ranges:
      - bytes
      Content-Length:
      - "11"
      Content-Type:
      - text/plain; charset=utf-8
      Date:
      - Fri, 17 Aug 2018 18:06:44 GMT
      Etag:
      - '"3e25960a79dbc69b674cd4ec67a72c62"'
      Last-Modified:
      - Fri, 17 Aug 2018 18:06:44 GMT
      Server:
      - AmazonS3
      X-Amz-Id-2:
      - h1NokB94X2hvveNRAER1Kl1D+kwyPiJ+FWrQp8O7rh967uA6btVAUdvuCvj4sw7Z/e0D8g3TdNk=
      X-Amz-Request-Id:
      - EA6EAD6AB84257CE
    status: 200 OK
    code: 200
    duration: ""
- request:
    body: ""
    form: {}
    headers:
      User-Agent:
      - aws-sdk-go/1.13.20 (devel +b8669ef1ce; linux; amd64)
      X-Amz-Content-Sha256:
      - e3b0c44298fc1c149afbf4c8996fb92427ae41e4649b934ca495991b7852b855
      X-Amz-Date:
      - 20180817T180643Z
    url: https://go-cloud-bucket.s3.us-east-2.amazonaws.com/blob-for-deleting
    method: DELETE
  response:
    body: ""
    headers:
      Date:
      - Fri, 17 Aug 2018 18:06:44 GMT
      Server:
      - AmazonS3
      X-Amz-Id-2:
      - 1n7uXI/hFoDA0luqrJI95GBb7El0nu3uBoiLtOHfkYMvZw5UpWza2aePJM7u9anVZ3Yy4VwwSWA=
      X-Amz-Request-Id:
      - 844D9A5AB23C4B64
    status: 204 No Content
    code: 204
    duration: ""
- request:
    body: ""
    form: {}
    headers:
      User-Agent:
      - aws-sdk-go/1.13.20 (devel +b8669ef1ce; linux; amd64)
      X-Amz-Content-Sha256:
      - e3b0c44298fc1c149afbf4c8996fb92427ae41e4649b934ca495991b7852b855
      X-Amz-Date:
      - 20180817T180643Z
    url: https://go-cloud-bucket.s3.us-east-2.amazonaws.com/blob-for-deleting
    method: GET
  response:
    body: |-
      <?xml version="1.0" encoding="UTF-8"?>
      <Error><Code>NoSuchKey</Code><Message>The specified key does not exist.</Message><Key>blob-for-deleting</Key><RequestId>8D73AC1378882BDD</RequestId><HostId>BWrlN8rVzZIPpnPQ8Z91MIsKKLPZZxXeqv5rcYFvBjxnapdgv2gLh8kl+xm+DpriwUU2dzUZ7rg=</HostId></Error>
    headers:
      Content-Type:
      - application/xml
      Date:
      - Fri, 17 Aug 2018 18:06:43 GMT
      Server:
      - AmazonS3
      X-Amz-Id-2:
      - BWrlN8rVzZIPpnPQ8Z91MIsKKLPZZxXeqv5rcYFvBjxnapdgv2gLh8kl+xm+DpriwUU2dzUZ7rg=
      X-Amz-Request-Id:
      - 8D73AC1378882BDD
    status: 404 Not Found
    code: 404
    duration: ""
- request:
    body: ""
    form: {}
    headers:
      User-Agent:
      - aws-sdk-go/1.13.20 (devel +b8669ef1ce; linux; amd64)
      X-Amz-Content-Sha256:
      - e3b0c44298fc1c149afbf4c8996fb92427ae41e4649b934ca495991b7852b855
      X-Amz-Date:
      - 20180817T180643Z
    url: https://go-cloud-bucket.s3.us-east-2.amazonaws.com/blob-for-deleting
    method: HEAD
  response:
    body: ""
    headers:
      Content-Type:
      - application/xml
      Date:
      - Fri, 17 Aug 2018 18:06:43 GMT
      Server:
      - AmazonS3
      X-Amz-Id-2:
      - tkVz6Vdtjs/iTRW3Zst+AJ7VHyaCYuv9ZCkRCOMiZmnamH9R1nTGFIKdro/NyQNH/fEOXlqUkUo=
      X-Amz-Request-Id:
      - 95E102F1E1FDD153
    status: 404 Not Found
    code: 404
    duration: ""
